// Jest Snapshot v1, https://goo.gl/fbAQLP

exports[`<Header /> renders correctly 1`] = `
ShallowWrapper {
  Symbol(enzyme.__root__): [Circular],
  Symbol(enzyme.__unrendered__): <Header />,
  Symbol(enzyme.__renderer__): Object {
    "batchedUpdates": [Function],
    "getNode": [Function],
    "render": [Function],
    "simulateError": [Function],
    "simulateEvent": [Function],
    "unmount": [Function],
  },
  Symbol(enzyme.__node__): Object {
    "instance": null,
    "key": undefined,
    "nodeType": "class",
    "props": Object {
      "children": <div
        className="container"
      >
        <div
          className="app-header-left"
        >
          <Logo />
          <Button
            default={true}
            icon={
              Object {
                "icon": Array [
                  448,
                  512,
                  Array [],
                  "f0c9",
                  "M16 132h416c8.837 0 16-7.163 16-16V76c0-8.837-7.163-16-16-16H16C7.163 60 0 67.163 0 76v40c0 8.837 7.163 16 16 16zm0 160h416c8.837 0 16-7.163 16-16v-40c0-8.837-7.163-16-16-16H16c-8.837 0-16 7.163-16 16v40c0 8.837 7.163 16 16 16zm0 160h416c8.837 0 16-7.163 16-16v-40c0-8.837-7.163-16-16-16H16c-8.837 0-16 7.163-16 16v40c0 8.837 7.163 16 16 16z",
                ],
                "iconName": "bars",
                "prefix": "fas",
              }
            }
          />
          <Connect(Search) />
        </div>
        <div
          className="app-header-right"
        >
          <Button
            icon={
              Object {
                "icon": Array [
                  448,
                  512,
                  Array [],
                  "f067",
                  "M416 208H272V64c0-17.67-14.33-32-32-32h-32c-17.67 0-32 14.33-32 32v144H32c-17.67 0-32 14.33-32 32v32c0 17.67 14.33 32 32 32h144v144c0 17.67 14.33 32 32 32h32c17.67 0 32-14.33 32-32V304h144c17.67 0 32-14.33 32-32v-32c0-17.67-14.33-32-32-32z",
                ],
                "iconName": "plus",
                "prefix": "fas",
              }
            }
            label="Add Post"
            type="primary add-post"
          />
          <Avatar
            altText="Renan"
            hasBadge={true}
            source="renan.jpg"
          >
            <Badge
              amount="9"
            />
          </Avatar>
        </div>
      </div>,
    },
    "ref": null,
    "rendered": Object {
      "instance": null,
      "key": undefined,
      "nodeType": "host",
      "props": Object {
        "children": Array [
          <div
            className="app-header-left"
          >
            <Logo />
            <Button
              default={true}
              icon={
                Object {
                  "icon": Array [
                    448,
                    512,
                    Array [],
                    "f0c9",
                    "M16 132h416c8.837 0 16-7.163 16-16V76c0-8.837-7.163-16-16-16H16C7.163 60 0 67.163 0 76v40c0 8.837 7.163 16 16 16zm0 160h416c8.837 0 16-7.163 16-16v-40c0-8.837-7.163-16-16-16H16c-8.837 0-16 7.163-16 16v40c0 8.837 7.163 16 16 16zm0 160h416c8.837 0 16-7.163 16-16v-40c0-8.837-7.163-16-16-16H16c-8.837 0-16 7.163-16 16v40c0 8.837 7.163 16 16 16z",
                  ],
                  "iconName": "bars",
                  "prefix": "fas",
                }
              }
            />
            <Connect(Search) />
          </div>,
          <div
            className="app-header-right"
          >
            <Button
              icon={
                Object {
                  "icon": Array [
                    448,
                    512,
                    Array [],
                    "f067",
                    "M416 208H272V64c0-17.67-14.33-32-32-32h-32c-17.67 0-32 14.33-32 32v144H32c-17.67 0-32 14.33-32 32v32c0 17.67 14.33 32 32 32h144v144c0 17.67 14.33 32 32 32h32c17.67 0 32-14.33 32-32V304h144c17.67 0 32-14.33 32-32v-32c0-17.67-14.33-32-32-32z",
                  ],
                  "iconName": "plus",
                  "prefix": "fas",
                }
              }
              label="Add Post"
              type="primary add-post"
            />
            <Avatar
              altText="Renan"
              hasBadge={true}
              source="renan.jpg"
            >
              <Badge
                amount="9"
              />
            </Avatar>
          </div>,
        ],
        "className": "container",
      },
      "ref": null,
      "rendered": Array [
        Object {
          "instance": null,
          "key": undefined,
          "nodeType": "host",
          "props": Object {
            "children": Array [
              <Logo />,
              <Button
                default={true}
                icon={
                  Object {
                    "icon": Array [
                      448,
                      512,
                      Array [],
                      "f0c9",
                      "M16 132h416c8.837 0 16-7.163 16-16V76c0-8.837-7.163-16-16-16H16C7.163 60 0 67.163 0 76v40c0 8.837 7.163 16 16 16zm0 160h416c8.837 0 16-7.163 16-16v-40c0-8.837-7.163-16-16-16H16c-8.837 0-16 7.163-16 16v40c0 8.837 7.163 16 16 16zm0 160h416c8.837 0 16-7.163 16-16v-40c0-8.837-7.163-16-16-16H16c-8.837 0-16 7.163-16 16v40c0 8.837 7.163 16 16 16z",
                    ],
                    "iconName": "bars",
                    "prefix": "fas",
                  }
                }
              />,
              <Connect(Search) />,
            ],
            "className": "app-header-left",
          },
          "ref": null,
          "rendered": Array [
            Object {
              "instance": null,
              "key": undefined,
              "nodeType": "function",
              "props": Object {},
              "ref": null,
              "rendered": null,
              "type": [Function],
            },
            Object {
              "instance": null,
              "key": undefined,
              "nodeType": "function",
              "props": Object {
                "default": true,
                "icon": Object {
                  "icon": Array [
                    448,
                    512,
                    Array [],
                    "f0c9",
                    "M16 132h416c8.837 0 16-7.163 16-16V76c0-8.837-7.163-16-16-16H16C7.163 60 0 67.163 0 76v40c0 8.837 7.163 16 16 16zm0 160h416c8.837 0 16-7.163 16-16v-40c0-8.837-7.163-16-16-16H16c-8.837 0-16 7.163-16 16v40c0 8.837 7.163 16 16 16zm0 160h416c8.837 0 16-7.163 16-16v-40c0-8.837-7.163-16-16-16H16c-8.837 0-16 7.163-16 16v40c0 8.837 7.163 16 16 16z",
                  ],
                  "iconName": "bars",
                  "prefix": "fas",
                },
              },
              "ref": null,
              "rendered": null,
              "type": [Function],
            },
            Object {
              "instance": null,
              "key": undefined,
              "nodeType": "class",
              "props": Object {},
              "ref": null,
              "rendered": null,
              "type": [Function],
            },
          ],
          "type": "div",
        },
        Object {
          "instance": null,
          "key": undefined,
          "nodeType": "host",
          "props": Object {
            "children": Array [
              <Button
                icon={
                  Object {
                    "icon": Array [
                      448,
                      512,
                      Array [],
                      "f067",
                      "M416 208H272V64c0-17.67-14.33-32-32-32h-32c-17.67 0-32 14.33-32 32v144H32c-17.67 0-32 14.33-32 32v32c0 17.67 14.33 32 32 32h144v144c0 17.67 14.33 32 32 32h32c17.67 0 32-14.33 32-32V304h144c17.67 0 32-14.33 32-32v-32c0-17.67-14.33-32-32-32z",
                    ],
                    "iconName": "plus",
                    "prefix": "fas",
                  }
                }
                label="Add Post"
                type="primary add-post"
              />,
              <Avatar
                altText="Renan"
                hasBadge={true}
                source="renan.jpg"
              >
                <Badge
                  amount="9"
                />
              </Avatar>,
            ],
            "className": "app-header-right",
          },
          "ref": null,
          "rendered": Array [
            Object {
              "instance": null,
              "key": undefined,
              "nodeType": "function",
              "props": Object {
                "icon": Object {
                  "icon": Array [
                    448,
                    512,
                    Array [],
                    "f067",
                    "M416 208H272V64c0-17.67-14.33-32-32-32h-32c-17.67 0-32 14.33-32 32v144H32c-17.67 0-32 14.33-32 32v32c0 17.67 14.33 32 32 32h144v144c0 17.67 14.33 32 32 32h32c17.67 0 32-14.33 32-32V304h144c17.67 0 32-14.33 32-32v-32c0-17.67-14.33-32-32-32z",
                  ],
                  "iconName": "plus",
                  "prefix": "fas",
                },
                "label": "Add Post",
                "type": "primary add-post",
              },
              "ref": null,
              "rendered": null,
              "type": [Function],
            },
            Object {
              "instance": null,
              "key": undefined,
              "nodeType": "function",
              "props": Object {
                "altText": "Renan",
                "children": <Badge
                  amount="9"
                />,
                "hasBadge": true,
                "source": "renan.jpg",
              },
              "ref": null,
              "rendered": Object {
                "instance": null,
                "key": undefined,
                "nodeType": "function",
                "props": Object {
                  "amount": "9",
                },
                "ref": null,
                "rendered": null,
                "type": [Function],
              },
              "type": [Function],
            },
          ],
          "type": "div",
        },
      ],
      "type": "div",
    },
    "type": [Function],
  },
  Symbol(enzyme.__nodes__): Array [
    Object {
      "instance": null,
      "key": undefined,
      "nodeType": "class",
      "props": Object {
        "children": <div
          className="container"
        >
          <div
            className="app-header-left"
          >
            <Logo />
            <Button
              default={true}
              icon={
                Object {
                  "icon": Array [
                    448,
                    512,
                    Array [],
                    "f0c9",
                    "M16 132h416c8.837 0 16-7.163 16-16V76c0-8.837-7.163-16-16-16H16C7.163 60 0 67.163 0 76v40c0 8.837 7.163 16 16 16zm0 160h416c8.837 0 16-7.163 16-16v-40c0-8.837-7.163-16-16-16H16c-8.837 0-16 7.163-16 16v40c0 8.837 7.163 16 16 16zm0 160h416c8.837 0 16-7.163 16-16v-40c0-8.837-7.163-16-16-16H16c-8.837 0-16 7.163-16 16v40c0 8.837 7.163 16 16 16z",
                  ],
                  "iconName": "bars",
                  "prefix": "fas",
                }
              }
            />
            <Connect(Search) />
          </div>
          <div
            className="app-header-right"
          >
            <Button
              icon={
                Object {
                  "icon": Array [
                    448,
                    512,
                    Array [],
                    "f067",
                    "M416 208H272V64c0-17.67-14.33-32-32-32h-32c-17.67 0-32 14.33-32 32v144H32c-17.67 0-32 14.33-32 32v32c0 17.67 14.33 32 32 32h144v144c0 17.67 14.33 32 32 32h32c17.67 0 32-14.33 32-32V304h144c17.67 0 32-14.33 32-32v-32c0-17.67-14.33-32-32-32z",
                  ],
                  "iconName": "plus",
                  "prefix": "fas",
                }
              }
              label="Add Post"
              type="primary add-post"
            />
            <Avatar
              altText="Renan"
              hasBadge={true}
              source="renan.jpg"
            >
              <Badge
                amount="9"
              />
            </Avatar>
          </div>
        </div>,
      },
      "ref": null,
      "rendered": Object {
        "instance": null,
        "key": undefined,
        "nodeType": "host",
        "props": Object {
          "children": Array [
            <div
              className="app-header-left"
            >
              <Logo />
              <Button
                default={true}
                icon={
                  Object {
                    "icon": Array [
                      448,
                      512,
                      Array [],
                      "f0c9",
                      "M16 132h416c8.837 0 16-7.163 16-16V76c0-8.837-7.163-16-16-16H16C7.163 60 0 67.163 0 76v40c0 8.837 7.163 16 16 16zm0 160h416c8.837 0 16-7.163 16-16v-40c0-8.837-7.163-16-16-16H16c-8.837 0-16 7.163-16 16v40c0 8.837 7.163 16 16 16zm0 160h416c8.837 0 16-7.163 16-16v-40c0-8.837-7.163-16-16-16H16c-8.837 0-16 7.163-16 16v40c0 8.837 7.163 16 16 16z",
                    ],
                    "iconName": "bars",
                    "prefix": "fas",
                  }
                }
              />
              <Connect(Search) />
            </div>,
            <div
              className="app-header-right"
            >
              <Button
                icon={
                  Object {
                    "icon": Array [
                      448,
                      512,
                      Array [],
                      "f067",
                      "M416 208H272V64c0-17.67-14.33-32-32-32h-32c-17.67 0-32 14.33-32 32v144H32c-17.67 0-32 14.33-32 32v32c0 17.67 14.33 32 32 32h144v144c0 17.67 14.33 32 32 32h32c17.67 0 32-14.33 32-32V304h144c17.67 0 32-14.33 32-32v-32c0-17.67-14.33-32-32-32z",
                    ],
                    "iconName": "plus",
                    "prefix": "fas",
                  }
                }
                label="Add Post"
                type="primary add-post"
              />
              <Avatar
                altText="Renan"
                hasBadge={true}
                source="renan.jpg"
              >
                <Badge
                  amount="9"
                />
              </Avatar>
            </div>,
          ],
          "className": "container",
        },
        "ref": null,
        "rendered": Array [
          Object {
            "instance": null,
            "key": undefined,
            "nodeType": "host",
            "props": Object {
              "children": Array [
                <Logo />,
                <Button
                  default={true}
                  icon={
                    Object {
                      "icon": Array [
                        448,
                        512,
                        Array [],
                        "f0c9",
                        "M16 132h416c8.837 0 16-7.163 16-16V76c0-8.837-7.163-16-16-16H16C7.163 60 0 67.163 0 76v40c0 8.837 7.163 16 16 16zm0 160h416c8.837 0 16-7.163 16-16v-40c0-8.837-7.163-16-16-16H16c-8.837 0-16 7.163-16 16v40c0 8.837 7.163 16 16 16zm0 160h416c8.837 0 16-7.163 16-16v-40c0-8.837-7.163-16-16-16H16c-8.837 0-16 7.163-16 16v40c0 8.837 7.163 16 16 16z",
                      ],
                      "iconName": "bars",
                      "prefix": "fas",
                    }
                  }
                />,
                <Connect(Search) />,
              ],
              "className": "app-header-left",
            },
            "ref": null,
            "rendered": Array [
              Object {
                "instance": null,
                "key": undefined,
                "nodeType": "function",
                "props": Object {},
                "ref": null,
                "rendered": null,
                "type": [Function],
              },
              Object {
                "instance": null,
                "key": undefined,
                "nodeType": "function",
                "props": Object {
                  "default": true,
                  "icon": Object {
                    "icon": Array [
                      448,
                      512,
                      Array [],
                      "f0c9",
                      "M16 132h416c8.837 0 16-7.163 16-16V76c0-8.837-7.163-16-16-16H16C7.163 60 0 67.163 0 76v40c0 8.837 7.163 16 16 16zm0 160h416c8.837 0 16-7.163 16-16v-40c0-8.837-7.163-16-16-16H16c-8.837 0-16 7.163-16 16v40c0 8.837 7.163 16 16 16zm0 160h416c8.837 0 16-7.163 16-16v-40c0-8.837-7.163-16-16-16H16c-8.837 0-16 7.163-16 16v40c0 8.837 7.163 16 16 16z",
                    ],
                    "iconName": "bars",
                    "prefix": "fas",
                  },
                },
                "ref": null,
                "rendered": null,
                "type": [Function],
              },
              Object {
                "instance": null,
                "key": undefined,
                "nodeType": "class",
                "props": Object {},
                "ref": null,
                "rendered": null,
                "type": [Function],
              },
            ],
            "type": "div",
          },
          Object {
            "instance": null,
            "key": undefined,
            "nodeType": "host",
            "props": Object {
              "children": Array [
                <Button
                  icon={
                    Object {
                      "icon": Array [
                        448,
                        512,
                        Array [],
                        "f067",
                        "M416 208H272V64c0-17.67-14.33-32-32-32h-32c-17.67 0-32 14.33-32 32v144H32c-17.67 0-32 14.33-32 32v32c0 17.67 14.33 32 32 32h144v144c0 17.67 14.33 32 32 32h32c17.67 0 32-14.33 32-32V304h144c17.67 0 32-14.33 32-32v-32c0-17.67-14.33-32-32-32z",
                      ],
                      "iconName": "plus",
                      "prefix": "fas",
                    }
                  }
                  label="Add Post"
                  type="primary add-post"
                />,
                <Avatar
                  altText="Renan"
                  hasBadge={true}
                  source="renan.jpg"
                >
                  <Badge
                    amount="9"
                  />
                </Avatar>,
              ],
              "className": "app-header-right",
            },
            "ref": null,
            "rendered": Array [
              Object {
                "instance": null,
                "key": undefined,
                "nodeType": "function",
                "props": Object {
                  "icon": Object {
                    "icon": Array [
                      448,
                      512,
                      Array [],
                      "f067",
                      "M416 208H272V64c0-17.67-14.33-32-32-32h-32c-17.67 0-32 14.33-32 32v144H32c-17.67 0-32 14.33-32 32v32c0 17.67 14.33 32 32 32h144v144c0 17.67 14.33 32 32 32h32c17.67 0 32-14.33 32-32V304h144c17.67 0 32-14.33 32-32v-32c0-17.67-14.33-32-32-32z",
                    ],
                    "iconName": "plus",
                    "prefix": "fas",
                  },
                  "label": "Add Post",
                  "type": "primary add-post",
                },
                "ref": null,
                "rendered": null,
                "type": [Function],
              },
              Object {
                "instance": null,
                "key": undefined,
                "nodeType": "function",
                "props": Object {
                  "altText": "Renan",
                  "children": <Badge
                    amount="9"
                  />,
                  "hasBadge": true,
                  "source": "renan.jpg",
                },
                "ref": null,
                "rendered": Object {
                  "instance": null,
                  "key": undefined,
                  "nodeType": "function",
                  "props": Object {
                    "amount": "9",
                  },
                  "ref": null,
                  "rendered": null,
                  "type": [Function],
                },
                "type": [Function],
              },
            ],
            "type": "div",
          },
        ],
        "type": "div",
      },
      "type": [Function],
    },
  ],
  Symbol(enzyme.__options__): Object {
    "adapter": ReactSixteenAdapter {
      "options": Object {
        "enableComponentDidUpdateOnSetState": true,
        "lifecycles": Object {
          "componentDidUpdate": Object {
            "onSetState": true,
          },
          "getDerivedStateFromProps": true,
          "getSnapshotBeforeUpdate": true,
          "setState": Object {
            "skipsComponentDidUpdateOnNullish": true,
          },
        },
      },
    },
  },
}
`;
